<html>
<body>
<pre>
<h1>µVision Build Log</h1>
<h2>Tool Versions:</h2>
IDE-Version: µVision V5.31.0.0
Copyright (C) 2020 ARM Ltd and ARM Germany GmbH. All rights reserved.
License Information: na PC, ana, LIC=----
 
Tool Versions:
Toolchain:       MDK-Lite  Version: 5.31.0.0
Toolchain Path:  C:\Keil_v5\ARM\ARMCC\Bin
C Compiler:      Armcc.exe V5.06 update 6 (build 750)
Assembler:       Armasm.exe V5.06 update 6 (build 750)
Linker/Locator:  ArmLink.exe V5.06 update 6 (build 750)
Library Manager: ArmAr.exe V5.06 update 6 (build 750)
Hex Converter:   FromElf.exe V5.06 update 6 (build 750)
CPU DLL:         SARMCM3.DLL V5.31.0.0
Dialog DLL:      DCM.DLL V1.17.3.0
Target DLL:      STLink\ST-LINKIII-KEIL_SWO.dll V3.0.7.0
Dialog DLL:      TCM.DLL V1.46.0.0
 
<h2>Project:</h2>
D:\stm32\base_4_wheels\MDK-ARM\base_4_wheels.uvprojx
Project File Date:  02/18/2026

<h2>Output:</h2>
*** Using Compiler 'V5.06 update 6 (build 750)', folder: 'C:\Keil_v5\ARM\ARMCC\Bin'
Build target 'base_4_wheels'
compiling wheels_and_necessary_inits.c...
..\Library\wheels_and_necessary_inits.h(18): warning:  #1295-D: Deprecated declaration car_move_forward - give arg types
  void car_move_forward();
..\Library\wheels_and_necessary_inits.h(19): warning:  #1295-D: Deprecated declaration car_move_backward - give arg types
  void car_move_backward();
..\Library\wheels_and_necessary_inits.h(20): warning:  #1295-D: Deprecated declaration car_turn_left - give arg types
  void car_turn_left();
..\Library\wheels_and_necessary_inits.h(21): warning:  #1295-D: Deprecated declaration car_turn_right - give arg types
  void car_turn_right();
..\Library\wheels_and_necessary_inits.h(22): warning:  #1295-D: Deprecated declaration car_turn_off - give arg types
  void car_turn_off();
..\Library\wheels_and_necessary_inits.h(23): warning:  #1295-D: Deprecated declaration car_init - give arg types
  void car_init();
..\Library\Speed_Control.h(5): warning:  #1-D: last line of file ends without a newline
  #endif
..\Library\wheels_and_necessary_inits.c(53): warning:  #1-D: last line of file ends without a newline
  }
..\Library\wheels_and_necessary_inits.c: 8 warnings, 0 errors
linking...
Program Size: Code=6788 RO-data=312 RW-data=24 ZI-data=1776  
FromELF: creating hex file...
"base_4_wheels\base_4_wheels.axf" - 0 Error(s), 8 Warning(s).

<h2>Software Packages used:</h2>

Package Vendor: ARM
                http://www.keil.com/pack/ARM.CMSIS.5.7.0.pack
                ARM.CMSIS.5.7.0
                CMSIS (Cortex Microcontroller Software Interface Standard)
   * Component: CORE Version: 5.4.0

Package Vendor: Keil
                https://www.keil.com/pack/Keil.STM32F1xx_DFP.2.4.1.pack
                Keil.STM32F1xx_DFP.2.4.1
                STMicroelectronics STM32F1 Series Device Support, Drivers and Examples

<h2>Collection of Component include folders:</h2>
  .\RTE\_base_4_wheels
  C:\Users\PC\AppData\Local\Arm\Packs\ARM\CMSIS\5.7.0\CMSIS\Core\Include
  C:\Users\PC\AppData\Local\Arm\Packs\Keil\STM32F1xx_DFP\2.4.1\Device\Include

<h2>Collection of Component Files used:</h2>

   * Component: ARM::CMSIS:CORE:5.4.0
Build Time Elapsed:  00:00:01
</pre>
</body>
</html>
